como enviar algo para o git DNV:
silas@DESKTOP-9QBEEN9 MINGW64 ~
$ cd desktop

silas@DESKTOP-9QBEEN9 MINGW64 ~/desktop (master)
$ cd projeto

silas@DESKTOP-9QBEEN9 MINGW64 ~/desktop/projeto (master)
$ git clone https://github.com/Guilhermelima-max/chamados.git
Cloning into 'chamados'...
remote: Enumerating objects: 9, done.
remote: Counting objects: 100% (9/9), done.
remote: Compressing objects: 100% (7/7), done.
remote: Total 9 (delta 0), reused 9 (delta 0), pack-reused 0
Unpacking objects: 100% (9/9), done.

silas@DESKTOP-9QBEEN9 MINGW64 ~/desktop/projeto (master)
$ cd chamados

silas@DESKTOP-9QBEEN9 MINGW64 ~/desktop/projeto/chamados (master)
$ git status
On branch master
Your branch is up to date with 'origin/master'.

Untracked files:
  (use "git add <file>..." to include in what will be committed)
        silasoli.txt

nothing added to commit but untracked files present (use "git add" to track)

silas@DESKTOP-9QBEEN9 MINGW64 ~/desktop/projeto/chamados (master)
$ git add .

silas@DESKTOP-9QBEEN9 MINGW64 ~/desktop/projeto/chamados (master)
$ git commit -m alter1
[master 4fdc922] alter1
 1 file changed, 0 insertions(+), 0 deletions(-)
 create mode 100644 silasoli.txt

silas@DESKTOP-9QBEEN9 MINGW64 ~/desktop/projeto/chamados (master)
$ git push
Enumerating objects: 4, done.
Counting objects: 100% (4/4), done.
Delta compression using up to 8 threads
Compressing objects: 100% (2/2), done.
Writing objects: 100% (3/3), 284 bytes | 284.00 KiB/s, done.
Total 3 (delta 1), reused 0 (delta 0)
remote: Resolving deltas: 100% (1/1), completed with 1 local object.
To https://github.com/Guilhermelima-max/chamados.git
   cf5b92c..4fdc922  master -> master

silas@DESKTOP-9QBEEN9 MINGW64 ~/desktop/projeto/chamados (master)
$ git status
On branch master
Your branch is up to date with 'origin/master'.

Changes not staged for commit:
  (use "git add <file>..." to update what will be committed)
  (use "git restore <file>..." to discard changes in working directory)
        modified:   silasoli.txt

no changes added to commit (use "git add" and/or "git commit -a")

silas@DESKTOP-9QBEEN9 MINGW64 ~/desktop/projeto/chamados (master)
$ git add .

silas@DESKTOP-9QBEEN9 MINGW64 ~/desktop/projeto/chamados (master)
$ git commit -m alter2
[master 1db7e9a] alter2
 1 file changed, 1 insertion(+)

silas@DESKTOP-9QBEEN9 MINGW64 ~/desktop/projeto/chamados (master)
$ git push
Enumerating objects: 5, done.
Counting objects: 100% (5/5), done.
Delta compression using up to 8 threads
Compressing objects: 100% (2/2), done.
Writing objects: 100% (3/3), 269 bytes | 269.00 KiB/s, done.
Total 3 (delta 1), reused 0 (delta 0)
remote: Resolving deltas: 100% (1/1), completed with 1 local object.
To https://github.com/Guilhermelima-max/chamados.git
   4fdc922..1db7e9a  master -> master
